2025-07-18 13:46:51.542   [main] DEBUG i.g.n.rest.holder.ApplicationContextHolder - The application context holder has be initiated
2025-07-18 13:46:51.544   [main] DEBUG i.g.nichetoolkit.rest.holder.MessageSourceHolder - The message source context holder has be initiated
2025-07-18 13:46:51.549   [main] DEBUG i.g.n.aerial.AerialEngineServerApplication - Running with Spring Boot v2.7.18, Spring v5.3.39
2025-07-18 13:46:51.612   [main] DEBUG i.g.n.rest.holder.BeanDefinitionRegistryHolder - The bean definition registry holder has be initiated
2025-07-18 13:46:53.504   [main] DEBUG i.g.n.rest.holder.ListableBeanFactoryHolder - The listable bean factory holder has be initiated
2025-07-18 13:46:53.830   [main] DEBUG i.g.n.rest.configure.RestI18nAutoConfigure - The auto configuration for [rest-i18n] initiated
2025-07-18 13:46:53.832   [main] DEBUG i.g.n.m.configure.MybatisStarterAutoConfigure - The auto configuration for [mybatis-starter] initiated
2025-07-18 13:46:53.835   [main] DEBUG i.g.n.ossfile.configure.OssfileCoreAutoConfigure - The auto configuration for [ossfile-core] initiated
2025-07-18 13:46:53.838   [main] DEBUG i.g.n.rice.configure.RiceStarterAutoConfigure - The auto configuration for [rice-starter] initiated
2025-07-18 13:46:53.841   [main] DEBUG i.g.n.rest.configure.RestI18nAutoConfigure - The auto configuration for [i18n-message] initiated
2025-07-18 13:46:53.852   [main] DEBUG i.g.nichetoolkit.rest.holder.MessageSourceHolder - The message source context holder has be refreshed
2025-07-18 13:46:54.095   [main] DEBUG i.g.n.rest.configure.RestLogbackAutoConfigure - The auto configuration for [rest-logback] initiated
2025-07-18 13:46:54.101   [main] DEBUG i.g.n.rice.configure.RiceLoginAutoConfigure - The auto configuration for [rice-login] initiated
2025-07-18 13:46:54.126   [main] DEBUG i.g.nichetoolkit.rest.logback.DefaultLogbackFilter - Filter 'logbackFilter' configured for use
2025-07-18 13:46:54.163   [main] DEBUG io.github.nichetoolkit.rice.service.ServiceHolder - The service holder has be initiated
2025-07-18 13:46:54.273   [main] DEBUG io.github.nichetoolkit.rice.service.ServiceHolder - There are 2 service fitter beans has be initiated.
2025-07-18 13:46:54.276   [main] DEBUG i.g.n.aerial.configure.DatasourceAutoConfigure - the auto configuration for [datasource] rest template initiated
2025-07-18 13:46:54.724   [main] DEBUG i.g.n.aerial.configure.AerialRedisAutoConfigure - The auto configuration for [aerial-redis] initiated
2025-07-18 15:12:19.460   [main] DEBUG i.g.n.rest.holder.ApplicationContextHolder - The application context holder has be initiated
2025-07-18 15:12:19.460   [main] DEBUG i.g.nichetoolkit.rest.holder.MessageSourceHolder - The message source context holder has be initiated
2025-07-18 15:12:19.467   [main] DEBUG i.g.n.aerial.AerialEngineServerApplication - Running with Spring Boot v2.7.18, Spring v5.3.39
2025-07-18 15:12:19.530   [main] DEBUG i.g.n.rest.holder.BeanDefinitionRegistryHolder - The bean definition registry holder has be initiated
2025-07-18 15:12:20.948   [main] DEBUG i.g.n.rest.holder.ListableBeanFactoryHolder - The listable bean factory holder has be initiated
2025-07-18 15:12:21.284   [main] DEBUG i.g.n.rest.configure.RestI18nAutoConfigure - The auto configuration for [rest-i18n] initiated
2025-07-18 15:12:21.286   [main] DEBUG i.g.n.m.configure.MybatisStarterAutoConfigure - The auto configuration for [mybatis-starter] initiated
2025-07-18 15:12:21.290   [main] DEBUG i.g.n.ossfile.configure.OssfileCoreAutoConfigure - The auto configuration for [ossfile-core] initiated
2025-07-18 15:12:21.295   [main] DEBUG i.g.n.rice.configure.RiceStarterAutoConfigure - The auto configuration for [rice-starter] initiated
2025-07-18 15:12:21.298   [main] DEBUG i.g.n.rest.configure.RestI18nAutoConfigure - The auto configuration for [i18n-message] initiated
2025-07-18 15:12:21.309   [main] DEBUG i.g.nichetoolkit.rest.holder.MessageSourceHolder - The message source context holder has be refreshed
2025-07-18 15:12:21.606   [main] DEBUG i.g.n.rest.configure.RestLogbackAutoConfigure - The auto configuration for [rest-logback] initiated
2025-07-18 15:12:21.613   [main] DEBUG i.g.n.rice.configure.RiceLoginAutoConfigure - The auto configuration for [rice-login] initiated
2025-07-18 15:12:21.641   [main] DEBUG i.g.nichetoolkit.rest.logback.DefaultLogbackFilter - Filter 'logbackFilter' configured for use
2025-07-18 15:12:21.681   [main] DEBUG io.github.nichetoolkit.rice.service.ServiceHolder - The service holder has be initiated
2025-07-18 15:13:02.776   [main] DEBUG i.g.n.rest.holder.ApplicationContextHolder - The application context holder has be initiated
2025-07-18 15:13:02.777   [main] DEBUG i.g.nichetoolkit.rest.holder.MessageSourceHolder - The message source context holder has be initiated
2025-07-18 15:13:02.782   [main] DEBUG i.g.n.aerial.AerialEngineServerApplication - Running with Spring Boot v2.7.18, Spring v5.3.39
2025-07-18 15:13:02.847   [main] DEBUG i.g.n.rest.holder.BeanDefinitionRegistryHolder - The bean definition registry holder has be initiated
2025-07-18 15:13:04.244   [main] DEBUG i.g.n.rest.holder.ListableBeanFactoryHolder - The listable bean factory holder has be initiated
2025-07-18 15:13:04.537   [main] DEBUG i.g.n.rest.configure.RestI18nAutoConfigure - The auto configuration for [rest-i18n] initiated
2025-07-18 15:13:04.539   [main] DEBUG i.g.n.m.configure.MybatisStarterAutoConfigure - The auto configuration for [mybatis-starter] initiated
2025-07-18 15:13:04.543   [main] DEBUG i.g.n.ossfile.configure.OssfileCoreAutoConfigure - The auto configuration for [ossfile-core] initiated
2025-07-18 15:13:04.547   [main] DEBUG i.g.n.rice.configure.RiceStarterAutoConfigure - The auto configuration for [rice-starter] initiated
2025-07-18 15:13:04.549   [main] DEBUG i.g.n.rest.configure.RestI18nAutoConfigure - The auto configuration for [i18n-message] initiated
2025-07-18 15:13:04.560   [main] DEBUG i.g.nichetoolkit.rest.holder.MessageSourceHolder - The message source context holder has be refreshed
2025-07-18 15:13:04.833   [main] DEBUG i.g.n.rest.configure.RestLogbackAutoConfigure - The auto configuration for [rest-logback] initiated
2025-07-18 15:13:04.841   [main] DEBUG i.g.n.rice.configure.RiceLoginAutoConfigure - The auto configuration for [rice-login] initiated
2025-07-18 15:13:04.869   [main] DEBUG i.g.nichetoolkit.rest.logback.DefaultLogbackFilter - Filter 'logbackFilter' configured for use
2025-07-18 15:13:04.904   [main] DEBUG io.github.nichetoolkit.rice.service.ServiceHolder - The service holder has be initiated
2025-07-18 15:14:42.077   [main] DEBUG i.g.n.rest.holder.ApplicationContextHolder - The application context holder has be initiated
2025-07-18 15:14:42.078   [main] DEBUG i.g.nichetoolkit.rest.holder.MessageSourceHolder - The message source context holder has be initiated
2025-07-18 15:14:42.082   [main] DEBUG i.g.n.aerial.AerialEngineServerApplication - Running with Spring Boot v2.7.18, Spring v5.3.39
2025-07-18 15:14:42.140   [main] DEBUG i.g.n.rest.holder.BeanDefinitionRegistryHolder - The bean definition registry holder has be initiated
2025-07-18 15:14:43.629   [main] DEBUG i.g.n.rest.holder.ListableBeanFactoryHolder - The listable bean factory holder has be initiated
2025-07-18 15:14:43.951   [main] DEBUG i.g.n.rest.configure.RestI18nAutoConfigure - The auto configuration for [rest-i18n] initiated
2025-07-18 15:14:43.954   [main] DEBUG i.g.n.m.configure.MybatisStarterAutoConfigure - The auto configuration for [mybatis-starter] initiated
2025-07-18 15:14:43.957   [main] DEBUG i.g.n.ossfile.configure.OssfileCoreAutoConfigure - The auto configuration for [ossfile-core] initiated
2025-07-18 15:14:43.960   [main] DEBUG i.g.n.rice.configure.RiceStarterAutoConfigure - The auto configuration for [rice-starter] initiated
2025-07-18 15:14:43.962   [main] DEBUG i.g.n.rest.configure.RestI18nAutoConfigure - The auto configuration for [i18n-message] initiated
2025-07-18 15:14:43.970   [main] DEBUG i.g.nichetoolkit.rest.holder.MessageSourceHolder - The message source context holder has be refreshed
2025-07-18 15:14:44.221   [main] DEBUG i.g.n.rest.configure.RestLogbackAutoConfigure - The auto configuration for [rest-logback] initiated
2025-07-18 15:14:44.227   [main] DEBUG i.g.n.rice.configure.RiceLoginAutoConfigure - The auto configuration for [rice-login] initiated
2025-07-18 15:14:44.256   [main] DEBUG i.g.nichetoolkit.rest.logback.DefaultLogbackFilter - Filter 'logbackFilter' configured for use
2025-07-18 15:14:44.290   [main] DEBUG io.github.nichetoolkit.rice.service.ServiceHolder - The service holder has be initiated
2025-07-18 15:32:59.489   [main] DEBUG i.g.n.rest.holder.ApplicationContextHolder - The application context holder has be initiated
2025-07-18 15:32:59.489   [main] DEBUG i.g.nichetoolkit.rest.holder.MessageSourceHolder - The message source context holder has be initiated
2025-07-18 15:32:59.493   [main] DEBUG i.g.n.aerial.AerialEngineServerApplication - Running with Spring Boot v2.7.18, Spring v5.3.39
2025-07-18 15:32:59.552   [main] DEBUG i.g.n.rest.holder.BeanDefinitionRegistryHolder - The bean definition registry holder has be initiated
2025-07-18 15:33:00.737   [main] DEBUG i.g.n.rest.holder.ListableBeanFactoryHolder - The listable bean factory holder has be initiated
2025-07-18 15:33:01.019   [main] DEBUG i.g.n.rest.configure.RestI18nAutoConfigure - The auto configuration for [rest-i18n] initiated
2025-07-18 15:33:01.021   [main] DEBUG i.g.n.m.configure.MybatisStarterAutoConfigure - The auto configuration for [mybatis-starter] initiated
2025-07-18 15:33:01.024   [main] DEBUG i.g.n.ossfile.configure.OssfileCoreAutoConfigure - The auto configuration for [ossfile-core] initiated
2025-07-18 15:33:01.028   [main] DEBUG i.g.n.rice.configure.RiceStarterAutoConfigure - The auto configuration for [rice-starter] initiated
2025-07-18 15:33:01.030   [main] DEBUG i.g.n.rest.configure.RestI18nAutoConfigure - The auto configuration for [i18n-message] initiated
2025-07-18 15:33:01.039   [main] DEBUG i.g.nichetoolkit.rest.holder.MessageSourceHolder - The message source context holder has be refreshed
2025-07-18 15:33:01.273   [main] DEBUG i.g.n.rest.configure.RestLogbackAutoConfigure - The auto configuration for [rest-logback] initiated
2025-07-18 15:33:01.280   [main] DEBUG i.g.n.rice.configure.RiceLoginAutoConfigure - The auto configuration for [rice-login] initiated
2025-07-18 15:33:01.312   [main] DEBUG i.g.nichetoolkit.rest.logback.DefaultLogbackFilter - Filter 'logbackFilter' configured for use
2025-07-18 15:33:01.346   [main] DEBUG io.github.nichetoolkit.rice.service.ServiceHolder - The service holder has be initiated
2025-07-18 15:40:59.965   [main] DEBUG i.g.n.rest.holder.ApplicationContextHolder - The application context holder has be initiated
2025-07-18 15:40:59.966   [main] DEBUG i.g.nichetoolkit.rest.holder.MessageSourceHolder - The message source context holder has be initiated
2025-07-18 15:40:59.970   [main] DEBUG i.g.n.aerial.AerialEngineServerApplication - Running with Spring Boot v2.7.18, Spring v5.3.39
2025-07-18 15:41:00.030   [main] DEBUG i.g.n.rest.holder.BeanDefinitionRegistryHolder - The bean definition registry holder has be initiated
2025-07-18 15:41:01.303   [main] DEBUG i.g.n.rest.holder.ListableBeanFactoryHolder - The listable bean factory holder has be initiated
2025-07-18 15:41:01.605   [main] DEBUG i.g.n.rest.configure.RestI18nAutoConfigure - The auto configuration for [rest-i18n] initiated
2025-07-18 15:41:01.608   [main] DEBUG i.g.n.m.configure.MybatisStarterAutoConfigure - The auto configuration for [mybatis-starter] initiated
2025-07-18 15:41:01.611   [main] DEBUG i.g.n.ossfile.configure.OssfileCoreAutoConfigure - The auto configuration for [ossfile-core] initiated
2025-07-18 15:41:01.614   [main] DEBUG i.g.n.rice.configure.RiceStarterAutoConfigure - The auto configuration for [rice-starter] initiated
2025-07-18 15:41:01.617   [main] DEBUG i.g.n.rest.configure.RestI18nAutoConfigure - The auto configuration for [i18n-message] initiated
2025-07-18 15:41:01.625   [main] DEBUG i.g.nichetoolkit.rest.holder.MessageSourceHolder - The message source context holder has be refreshed
2025-07-18 15:41:01.868   [main] DEBUG i.g.n.rest.configure.RestLogbackAutoConfigure - The auto configuration for [rest-logback] initiated
2025-07-18 15:41:01.875   [main] DEBUG i.g.n.rice.configure.RiceLoginAutoConfigure - The auto configuration for [rice-login] initiated
2025-07-18 15:41:01.909   [main] DEBUG i.g.nichetoolkit.rest.logback.DefaultLogbackFilter - Filter 'logbackFilter' configured for use
2025-07-18 15:41:01.946   [main] DEBUG io.github.nichetoolkit.rice.service.ServiceHolder - The service holder has be initiated
2025-07-18 15:53:01.261   [main] DEBUG i.g.n.rest.holder.ApplicationContextHolder - The application context holder has be initiated
2025-07-18 15:53:01.262   [main] DEBUG i.g.nichetoolkit.rest.holder.MessageSourceHolder - The message source context holder has be initiated
2025-07-18 15:53:01.266   [main] DEBUG i.g.n.aerial.AerialEngineServerApplication - Running with Spring Boot v2.7.18, Spring v5.3.39
2025-07-18 15:53:01.337   [main] DEBUG i.g.n.rest.holder.BeanDefinitionRegistryHolder - The bean definition registry holder has be initiated
2025-07-18 15:53:02.690   [main] DEBUG i.g.n.rest.holder.ListableBeanFactoryHolder - The listable bean factory holder has be initiated
2025-07-18 15:53:03.037   [main] DEBUG i.g.n.rest.configure.RestI18nAutoConfigure - The auto configuration for [rest-i18n] initiated
2025-07-18 15:53:03.040   [main] DEBUG i.g.n.m.configure.MybatisStarterAutoConfigure - The auto configuration for [mybatis-starter] initiated
2025-07-18 15:53:03.044   [main] DEBUG i.g.n.ossfile.configure.OssfileCoreAutoConfigure - The auto configuration for [ossfile-core] initiated
2025-07-18 15:53:03.048   [main] DEBUG i.g.n.rice.configure.RiceStarterAutoConfigure - The auto configuration for [rice-starter] initiated
2025-07-18 15:53:03.052   [main] DEBUG i.g.n.rest.configure.RestI18nAutoConfigure - The auto configuration for [i18n-message] initiated
2025-07-18 15:53:03.064   [main] DEBUG i.g.nichetoolkit.rest.holder.MessageSourceHolder - The message source context holder has be refreshed
2025-07-18 15:53:03.532   [main] DEBUG i.g.n.rest.configure.RestLogbackAutoConfigure - The auto configuration for [rest-logback] initiated
2025-07-18 15:53:03.546   [main] DEBUG i.g.n.rice.configure.RiceLoginAutoConfigure - The auto configuration for [rice-login] initiated
2025-07-18 15:53:03.602   [main] DEBUG i.g.nichetoolkit.rest.logback.DefaultLogbackFilter - Filter 'logbackFilter' configured for use
2025-07-18 15:53:03.675   [main] DEBUG io.github.nichetoolkit.rice.service.ServiceHolder - The service holder has be initiated
2025-07-18 15:53:40.814   [main] DEBUG i.g.n.rest.holder.ApplicationContextHolder - The application context holder has be initiated
2025-07-18 15:53:40.814   [main] DEBUG i.g.nichetoolkit.rest.holder.MessageSourceHolder - The message source context holder has be initiated
2025-07-18 15:53:40.818   [main] DEBUG i.g.n.aerial.AerialEngineServerApplication - Running with Spring Boot v2.7.18, Spring v5.3.39
2025-07-18 15:53:40.876   [main] DEBUG i.g.n.rest.holder.BeanDefinitionRegistryHolder - The bean definition registry holder has be initiated
2025-07-18 15:53:42.026   [main] DEBUG i.g.n.rest.holder.ListableBeanFactoryHolder - The listable bean factory holder has be initiated
2025-07-18 15:53:42.302   [main] DEBUG i.g.n.rest.configure.RestI18nAutoConfigure - The auto configuration for [rest-i18n] initiated
2025-07-18 15:53:42.304   [main] DEBUG i.g.n.m.configure.MybatisStarterAutoConfigure - The auto configuration for [mybatis-starter] initiated
2025-07-18 15:53:42.307   [main] DEBUG i.g.n.ossfile.configure.OssfileCoreAutoConfigure - The auto configuration for [ossfile-core] initiated
2025-07-18 15:53:42.310   [main] DEBUG i.g.n.rice.configure.RiceStarterAutoConfigure - The auto configuration for [rice-starter] initiated
2025-07-18 15:53:42.315   [main] DEBUG i.g.n.rest.configure.RestI18nAutoConfigure - The auto configuration for [i18n-message] initiated
2025-07-18 15:53:42.323   [main] DEBUG i.g.nichetoolkit.rest.holder.MessageSourceHolder - The message source context holder has be refreshed
2025-07-18 15:53:42.561   [main] DEBUG i.g.n.rest.configure.RestLogbackAutoConfigure - The auto configuration for [rest-logback] initiated
2025-07-18 15:53:42.568   [main] DEBUG i.g.n.rice.configure.RiceLoginAutoConfigure - The auto configuration for [rice-login] initiated
2025-07-18 15:53:42.599   [main] DEBUG i.g.nichetoolkit.rest.logback.DefaultLogbackFilter - Filter 'logbackFilter' configured for use
2025-07-18 15:53:42.638   [main] DEBUG io.github.nichetoolkit.rice.service.ServiceHolder - The service holder has be initiated
2025-07-18 16:12:11.859   [main] DEBUG i.g.n.rest.holder.ApplicationContextHolder - The application context holder has be initiated
2025-07-18 16:12:11.859   [main] DEBUG i.g.nichetoolkit.rest.holder.MessageSourceHolder - The message source context holder has be initiated
2025-07-18 16:12:11.862   [main] DEBUG i.g.n.aerial.AerialEngineServerApplication - Running with Spring Boot v2.7.18, Spring v5.3.39
2025-07-18 16:12:11.911   [main] DEBUG i.g.n.rest.holder.BeanDefinitionRegistryHolder - The bean definition registry holder has be initiated
2025-07-18 16:12:13.057   [main] DEBUG i.g.n.rest.holder.ListableBeanFactoryHolder - The listable bean factory holder has be initiated
2025-07-18 16:12:13.337   [main] DEBUG i.g.n.rest.configure.RestI18nAutoConfigure - The auto configuration for [rest-i18n] initiated
2025-07-18 16:12:13.338   [main] DEBUG i.g.n.m.configure.MybatisStarterAutoConfigure - The auto configuration for [mybatis-starter] initiated
2025-07-18 16:12:13.341   [main] DEBUG i.g.n.ossfile.configure.OssfileCoreAutoConfigure - The auto configuration for [ossfile-core] initiated
2025-07-18 16:12:13.345   [main] DEBUG i.g.n.rice.configure.RiceStarterAutoConfigure - The auto configuration for [rice-starter] initiated
2025-07-18 16:12:13.348   [main] DEBUG i.g.n.rest.configure.RestI18nAutoConfigure - The auto configuration for [i18n-message] initiated
2025-07-18 16:12:13.355   [main] DEBUG i.g.nichetoolkit.rest.holder.MessageSourceHolder - The message source context holder has be refreshed
2025-07-18 16:12:13.595   [main] DEBUG i.g.n.rest.configure.RestLogbackAutoConfigure - The auto configuration for [rest-logback] initiated
2025-07-18 16:12:13.603   [main] DEBUG i.g.n.rice.configure.RiceLoginAutoConfigure - The auto configuration for [rice-login] initiated
2025-07-18 16:12:13.634   [main] DEBUG i.g.nichetoolkit.rest.logback.DefaultLogbackFilter - Filter 'logbackFilter' configured for use
2025-07-18 16:12:13.668   [main] DEBUG io.github.nichetoolkit.rice.service.ServiceHolder - The service holder has be initiated
2025-07-18 16:12:13.778   [main] DEBUG io.github.nichetoolkit.rice.service.ServiceHolder - There are 2 service fitter beans has be initiated.
2025-07-18 16:12:13.780   [main] DEBUG i.g.n.aerial.configure.DatasourceAutoConfigure - the auto configuration for [datasource] rest template initiated
2025-07-18 16:12:14.224   [main] DEBUG i.g.n.aerial.configure.AerialRedisAutoConfigure - The auto configuration for [aerial-redis] initiated
2025-07-18 16:17:32.287   [main] DEBUG i.g.n.rest.holder.ApplicationContextHolder - The application context holder has be initiated
2025-07-18 16:17:32.288   [main] DEBUG i.g.nichetoolkit.rest.holder.MessageSourceHolder - The message source context holder has be initiated
2025-07-18 16:17:32.292   [main] DEBUG i.g.n.aerial.AerialEngineServerApplication - Running with Spring Boot v2.7.18, Spring v5.3.39
2025-07-18 16:17:32.352   [main] DEBUG i.g.n.rest.holder.BeanDefinitionRegistryHolder - The bean definition registry holder has be initiated
2025-07-18 16:17:33.523   [main] DEBUG i.g.n.rest.holder.ListableBeanFactoryHolder - The listable bean factory holder has be initiated
2025-07-18 16:17:33.830   [main] DEBUG i.g.n.rest.configure.RestI18nAutoConfigure - The auto configuration for [rest-i18n] initiated
2025-07-18 16:17:33.832   [main] DEBUG i.g.n.m.configure.MybatisStarterAutoConfigure - The auto configuration for [mybatis-starter] initiated
2025-07-18 16:17:33.835   [main] DEBUG i.g.n.ossfile.configure.OssfileCoreAutoConfigure - The auto configuration for [ossfile-core] initiated
2025-07-18 16:17:33.838   [main] DEBUG i.g.n.rice.configure.RiceStarterAutoConfigure - The auto configuration for [rice-starter] initiated
2025-07-18 16:17:33.841   [main] DEBUG i.g.n.rest.configure.RestI18nAutoConfigure - The auto configuration for [i18n-message] initiated
2025-07-18 16:17:33.850   [main] DEBUG i.g.nichetoolkit.rest.holder.MessageSourceHolder - The message source context holder has be refreshed
2025-07-18 16:17:34.085   [main] DEBUG i.g.n.rest.configure.RestLogbackAutoConfigure - The auto configuration for [rest-logback] initiated
2025-07-18 16:17:34.094   [main] DEBUG i.g.n.rice.configure.RiceLoginAutoConfigure - The auto configuration for [rice-login] initiated
2025-07-18 16:17:34.125   [main] DEBUG i.g.nichetoolkit.rest.logback.DefaultLogbackFilter - Filter 'logbackFilter' configured for use
2025-07-18 16:17:34.161   [main] DEBUG io.github.nichetoolkit.rice.service.ServiceHolder - The service holder has be initiated
2025-07-18 16:17:34.276   [main] DEBUG io.github.nichetoolkit.rice.service.ServiceHolder - There are 2 service fitter beans has be initiated.
2025-07-18 16:17:34.281   [main] DEBUG i.g.n.aerial.configure.DatasourceAutoConfigure - the auto configuration for [datasource] rest template initiated
2025-07-18 16:17:34.766   [main] DEBUG i.g.n.aerial.configure.AerialRedisAutoConfigure - The auto configuration for [aerial-redis] initiated
2025-07-18 16:19:22.646   [main] DEBUG i.g.n.rest.holder.ApplicationContextHolder - The application context holder has be initiated
2025-07-18 16:19:22.647   [main] DEBUG i.g.nichetoolkit.rest.holder.MessageSourceHolder - The message source context holder has be initiated
2025-07-18 16:19:22.651   [main] DEBUG i.g.n.aerial.AerialEngineServerApplication - Running with Spring Boot v2.7.18, Spring v5.3.39
2025-07-18 16:19:22.707   [main] DEBUG i.g.n.rest.holder.BeanDefinitionRegistryHolder - The bean definition registry holder has be initiated
2025-07-18 16:19:23.881   [main] DEBUG i.g.n.rest.holder.ListableBeanFactoryHolder - The listable bean factory holder has be initiated
2025-07-18 16:19:24.185   [main] DEBUG i.g.n.rest.configure.RestI18nAutoConfigure - The auto configuration for [rest-i18n] initiated
2025-07-18 16:19:24.186   [main] DEBUG i.g.n.m.configure.MybatisStarterAutoConfigure - The auto configuration for [mybatis-starter] initiated
2025-07-18 16:19:24.190   [main] DEBUG i.g.n.ossfile.configure.OssfileCoreAutoConfigure - The auto configuration for [ossfile-core] initiated
2025-07-18 16:19:24.193   [main] DEBUG i.g.n.rice.configure.RiceStarterAutoConfigure - The auto configuration for [rice-starter] initiated
2025-07-18 16:19:24.195   [main] DEBUG i.g.n.rest.configure.RestI18nAutoConfigure - The auto configuration for [i18n-message] initiated
2025-07-18 16:19:24.204   [main] DEBUG i.g.nichetoolkit.rest.holder.MessageSourceHolder - The message source context holder has be refreshed
2025-07-18 16:19:24.440   [main] DEBUG i.g.n.rest.configure.RestLogbackAutoConfigure - The auto configuration for [rest-logback] initiated
2025-07-18 16:19:24.447   [main] DEBUG i.g.n.rice.configure.RiceLoginAutoConfigure - The auto configuration for [rice-login] initiated
2025-07-18 16:19:24.477   [main] DEBUG i.g.nichetoolkit.rest.logback.DefaultLogbackFilter - Filter 'logbackFilter' configured for use
2025-07-18 16:19:24.515   [main] DEBUG io.github.nichetoolkit.rice.service.ServiceHolder - The service holder has be initiated
2025-07-18 16:19:24.622   [main] DEBUG io.github.nichetoolkit.rice.service.ServiceHolder - There are 2 service fitter beans has be initiated.
2025-07-18 16:19:24.626   [main] DEBUG i.g.n.aerial.configure.DatasourceAutoConfigure - the auto configuration for [datasource] rest template initiated
2025-07-18 16:19:25.060   [main] DEBUG i.g.n.aerial.configure.AerialRedisAutoConfigure - The auto configuration for [aerial-redis] initiated
2025-07-18 16:22:28.422   [main] DEBUG i.g.n.rest.holder.ApplicationContextHolder - The application context holder has be initiated
2025-07-18 16:22:28.423   [main] DEBUG i.g.nichetoolkit.rest.holder.MessageSourceHolder - The message source context holder has be initiated
2025-07-18 16:22:28.426   [main] DEBUG i.g.n.aerial.AerialEngineServerApplication - Running with Spring Boot v2.7.18, Spring v5.3.39
2025-07-18 16:22:28.482   [main] DEBUG i.g.n.rest.holder.BeanDefinitionRegistryHolder - The bean definition registry holder has be initiated
2025-07-18 16:22:29.670   [main] DEBUG i.g.n.rest.holder.ListableBeanFactoryHolder - The listable bean factory holder has be initiated
2025-07-18 16:22:29.947   [main] DEBUG i.g.n.rest.configure.RestI18nAutoConfigure - The auto configuration for [rest-i18n] initiated
2025-07-18 16:22:29.949   [main] DEBUG i.g.n.m.configure.MybatisStarterAutoConfigure - The auto configuration for [mybatis-starter] initiated
2025-07-18 16:22:29.952   [main] DEBUG i.g.n.ossfile.configure.OssfileCoreAutoConfigure - The auto configuration for [ossfile-core] initiated
2025-07-18 16:22:29.957   [main] DEBUG i.g.n.rice.configure.RiceStarterAutoConfigure - The auto configuration for [rice-starter] initiated
2025-07-18 16:22:29.960   [main] DEBUG i.g.n.rest.configure.RestI18nAutoConfigure - The auto configuration for [i18n-message] initiated
2025-07-18 16:22:29.969   [main] DEBUG i.g.nichetoolkit.rest.holder.MessageSourceHolder - The message source context holder has be refreshed
2025-07-18 16:22:30.227   [main] DEBUG i.g.n.rest.configure.RestLogbackAutoConfigure - The auto configuration for [rest-logback] initiated
2025-07-18 16:22:30.234   [main] DEBUG i.g.n.rice.configure.RiceLoginAutoConfigure - The auto configuration for [rice-login] initiated
2025-07-18 16:22:30.263   [main] DEBUG i.g.nichetoolkit.rest.logback.DefaultLogbackFilter - Filter 'logbackFilter' configured for use
2025-07-18 16:22:30.296   [main] DEBUG io.github.nichetoolkit.rice.service.ServiceHolder - The service holder has be initiated
2025-07-18 16:22:30.404   [main] DEBUG io.github.nichetoolkit.rice.service.ServiceHolder - There are 2 service fitter beans has be initiated.
2025-07-18 16:22:30.409   [main] DEBUG i.g.n.aerial.configure.DatasourceAutoConfigure - the auto configuration for [datasource] rest template initiated
2025-07-18 16:22:30.855   [main] DEBUG i.g.n.aerial.configure.AerialRedisAutoConfigure - The auto configuration for [aerial-redis] initiated
2025-07-18 16:23:43.139   [main] DEBUG i.g.n.rest.holder.ApplicationContextHolder - The application context holder has be initiated
2025-07-18 16:23:43.140   [main] DEBUG i.g.nichetoolkit.rest.holder.MessageSourceHolder - The message source context holder has be initiated
2025-07-18 16:23:43.145   [main] DEBUG i.g.n.aerial.AerialEngineServerApplication - Running with Spring Boot v2.7.18, Spring v5.3.39
2025-07-18 16:23:43.210   [main] DEBUG i.g.n.rest.holder.BeanDefinitionRegistryHolder - The bean definition registry holder has be initiated
2025-07-18 16:23:44.359   [main] DEBUG i.g.n.rest.holder.ListableBeanFactoryHolder - The listable bean factory holder has be initiated
2025-07-18 16:23:44.653   [main] DEBUG i.g.n.rest.configure.RestI18nAutoConfigure - The auto configuration for [rest-i18n] initiated
2025-07-18 16:23:44.656   [main] DEBUG i.g.n.m.configure.MybatisStarterAutoConfigure - The auto configuration for [mybatis-starter] initiated
2025-07-18 16:23:44.660   [main] DEBUG i.g.n.ossfile.configure.OssfileCoreAutoConfigure - The auto configuration for [ossfile-core] initiated
2025-07-18 16:23:44.662   [main] DEBUG i.g.n.rice.configure.RiceStarterAutoConfigure - The auto configuration for [rice-starter] initiated
2025-07-18 16:23:44.665   [main] DEBUG i.g.n.rest.configure.RestI18nAutoConfigure - The auto configuration for [i18n-message] initiated
2025-07-18 16:23:44.675   [main] DEBUG i.g.nichetoolkit.rest.holder.MessageSourceHolder - The message source context holder has be refreshed
2025-07-18 16:23:44.925   [main] DEBUG i.g.n.rest.configure.RestLogbackAutoConfigure - The auto configuration for [rest-logback] initiated
2025-07-18 16:23:44.931   [main] DEBUG i.g.n.rice.configure.RiceLoginAutoConfigure - The auto configuration for [rice-login] initiated
2025-07-18 16:23:44.959   [main] DEBUG i.g.nichetoolkit.rest.logback.DefaultLogbackFilter - Filter 'logbackFilter' configured for use
2025-07-18 16:23:44.995   [main] DEBUG io.github.nichetoolkit.rice.service.ServiceHolder - The service holder has be initiated
2025-07-18 16:23:45.107   [main] DEBUG io.github.nichetoolkit.rice.service.ServiceHolder - There are 2 service fitter beans has be initiated.
2025-07-18 16:23:45.111   [main] DEBUG i.g.n.aerial.configure.DatasourceAutoConfigure - the auto configuration for [datasource] rest template initiated
2025-07-18 16:23:45.570   [main] DEBUG i.g.n.aerial.configure.AerialRedisAutoConfigure - The auto configuration for [aerial-redis] initiated
2025-07-18 16:26:39.588   [main] DEBUG i.g.n.rest.holder.ApplicationContextHolder - The application context holder has be initiated
2025-07-18 16:26:39.588   [main] DEBUG i.g.nichetoolkit.rest.holder.MessageSourceHolder - The message source context holder has be initiated
2025-07-18 16:26:39.591   [main] DEBUG i.g.n.aerial.AerialEngineServerApplication - Running with Spring Boot v2.7.18, Spring v5.3.39
2025-07-18 16:26:39.650   [main] DEBUG i.g.n.rest.holder.BeanDefinitionRegistryHolder - The bean definition registry holder has be initiated
2025-07-18 16:26:40.782   [main] DEBUG i.g.n.rest.holder.ListableBeanFactoryHolder - The listable bean factory holder has be initiated
2025-07-18 16:26:41.064   [main] DEBUG i.g.n.rest.configure.RestI18nAutoConfigure - The auto configuration for [rest-i18n] initiated
2025-07-18 16:26:41.065   [main] DEBUG i.g.n.m.configure.MybatisStarterAutoConfigure - The auto configuration for [mybatis-starter] initiated
2025-07-18 16:26:41.069   [main] DEBUG i.g.n.ossfile.configure.OssfileCoreAutoConfigure - The auto configuration for [ossfile-core] initiated
2025-07-18 16:26:41.072   [main] DEBUG i.g.n.rice.configure.RiceStarterAutoConfigure - The auto configuration for [rice-starter] initiated
2025-07-18 16:26:41.074   [main] DEBUG i.g.n.rest.configure.RestI18nAutoConfigure - The auto configuration for [i18n-message] initiated
2025-07-18 16:26:41.082   [main] DEBUG i.g.nichetoolkit.rest.holder.MessageSourceHolder - The message source context holder has be refreshed
2025-07-18 16:26:41.325   [main] DEBUG i.g.n.rest.configure.RestLogbackAutoConfigure - The auto configuration for [rest-logback] initiated
2025-07-18 16:26:41.332   [main] DEBUG i.g.n.rice.configure.RiceLoginAutoConfigure - The auto configuration for [rice-login] initiated
2025-07-18 16:26:41.363   [main] DEBUG i.g.nichetoolkit.rest.logback.DefaultLogbackFilter - Filter 'logbackFilter' configured for use
2025-07-18 16:26:41.401   [main] DEBUG io.github.nichetoolkit.rice.service.ServiceHolder - The service holder has be initiated
2025-07-18 16:26:41.505   [main] DEBUG io.github.nichetoolkit.rice.service.ServiceHolder - There are 2 service fitter beans has be initiated.
2025-07-18 16:26:41.509   [main] DEBUG i.g.n.aerial.configure.DatasourceAutoConfigure - the auto configuration for [datasource] rest template initiated
2025-07-18 16:26:41.945   [main] DEBUG i.g.n.aerial.configure.AerialRedisAutoConfigure - The auto configuration for [aerial-redis] initiated
2025-07-18 16:28:13.193   [main] DEBUG i.g.n.rest.holder.ApplicationContextHolder - The application context holder has be initiated
2025-07-18 16:28:13.193   [main] DEBUG i.g.nichetoolkit.rest.holder.MessageSourceHolder - The message source context holder has be initiated
2025-07-18 16:28:13.197   [main] DEBUG i.g.n.aerial.AerialEngineServerApplication - Running with Spring Boot v2.7.18, Spring v5.3.39
2025-07-18 16:28:13.254   [main] DEBUG i.g.n.rest.holder.BeanDefinitionRegistryHolder - The bean definition registry holder has be initiated
2025-07-18 16:28:14.401   [main] DEBUG i.g.n.rest.holder.ListableBeanFactoryHolder - The listable bean factory holder has be initiated
2025-07-18 16:28:14.679   [main] DEBUG i.g.n.rest.configure.RestI18nAutoConfigure - The auto configuration for [rest-i18n] initiated
2025-07-18 16:28:14.681   [main] DEBUG i.g.n.m.configure.MybatisStarterAutoConfigure - The auto configuration for [mybatis-starter] initiated
2025-07-18 16:28:14.684   [main] DEBUG i.g.n.ossfile.configure.OssfileCoreAutoConfigure - The auto configuration for [ossfile-core] initiated
2025-07-18 16:28:14.689   [main] DEBUG i.g.n.rice.configure.RiceStarterAutoConfigure - The auto configuration for [rice-starter] initiated
2025-07-18 16:28:14.691   [main] DEBUG i.g.n.rest.configure.RestI18nAutoConfigure - The auto configuration for [i18n-message] initiated
2025-07-18 16:28:14.699   [main] DEBUG i.g.nichetoolkit.rest.holder.MessageSourceHolder - The message source context holder has be refreshed
2025-07-18 16:28:14.932   [main] DEBUG i.g.n.rest.configure.RestLogbackAutoConfigure - The auto configuration for [rest-logback] initiated
2025-07-18 16:28:14.936   [main] DEBUG i.g.n.rice.configure.RiceLoginAutoConfigure - The auto configuration for [rice-login] initiated
2025-07-18 16:28:14.963   [main] DEBUG i.g.nichetoolkit.rest.logback.DefaultLogbackFilter - Filter 'logbackFilter' configured for use
2025-07-18 16:28:15.000   [main] DEBUG io.github.nichetoolkit.rice.service.ServiceHolder - The service holder has be initiated
2025-07-18 16:28:15.105   [main] DEBUG io.github.nichetoolkit.rice.service.ServiceHolder - There are 2 service fitter beans has be initiated.
2025-07-18 16:28:15.109   [main] DEBUG i.g.n.aerial.configure.DatasourceAutoConfigure - the auto configuration for [datasource] rest template initiated
2025-07-18 16:28:15.556   [main] DEBUG i.g.n.aerial.configure.AerialRedisAutoConfigure - The auto configuration for [aerial-redis] initiated
2025-07-18 16:30:42.027   [main] DEBUG i.g.n.rest.holder.ApplicationContextHolder - The application context holder has be initiated
2025-07-18 16:30:42.028   [main] DEBUG i.g.nichetoolkit.rest.holder.MessageSourceHolder - The message source context holder has be initiated
2025-07-18 16:30:42.032   [main] DEBUG i.g.n.aerial.AerialEngineServerApplication - Running with Spring Boot v2.7.18, Spring v5.3.39
2025-07-18 16:30:42.097   [main] DEBUG i.g.n.rest.holder.BeanDefinitionRegistryHolder - The bean definition registry holder has be initiated
2025-07-18 16:30:43.297   [main] DEBUG i.g.n.rest.holder.ListableBeanFactoryHolder - The listable bean factory holder has be initiated
2025-07-18 16:30:43.583   [main] DEBUG i.g.n.rest.configure.RestI18nAutoConfigure - The auto configuration for [rest-i18n] initiated
2025-07-18 16:30:43.586   [main] DEBUG i.g.n.m.configure.MybatisStarterAutoConfigure - The auto configuration for [mybatis-starter] initiated
2025-07-18 16:30:43.588   [main] DEBUG i.g.n.ossfile.configure.OssfileCoreAutoConfigure - The auto configuration for [ossfile-core] initiated
2025-07-18 16:30:43.592   [main] DEBUG i.g.n.rice.configure.RiceStarterAutoConfigure - The auto configuration for [rice-starter] initiated
2025-07-18 16:30:43.594   [main] DEBUG i.g.n.rest.configure.RestI18nAutoConfigure - The auto configuration for [i18n-message] initiated
2025-07-18 16:30:43.602   [main] DEBUG i.g.nichetoolkit.rest.holder.MessageSourceHolder - The message source context holder has be refreshed
2025-07-18 16:30:43.851   [main] DEBUG i.g.n.rest.configure.RestLogbackAutoConfigure - The auto configuration for [rest-logback] initiated
2025-07-18 16:30:43.858   [main] DEBUG i.g.n.rice.configure.RiceLoginAutoConfigure - The auto configuration for [rice-login] initiated
2025-07-18 16:30:43.886   [main] DEBUG i.g.nichetoolkit.rest.logback.DefaultLogbackFilter - Filter 'logbackFilter' configured for use
2025-07-18 16:30:43.922   [main] DEBUG io.github.nichetoolkit.rice.service.ServiceHolder - The service holder has be initiated
2025-07-18 16:30:44.032   [main] DEBUG io.github.nichetoolkit.rice.service.ServiceHolder - There are 2 service fitter beans has be initiated.
2025-07-18 16:30:44.036   [main] DEBUG i.g.n.aerial.configure.DatasourceAutoConfigure - the auto configuration for [datasource] rest template initiated
2025-07-18 16:30:44.479   [main] DEBUG i.g.n.aerial.configure.AerialRedisAutoConfigure - The auto configuration for [aerial-redis] initiated
2025-07-18 16:33:25.583   [main] DEBUG i.g.n.rest.holder.ApplicationContextHolder - The application context holder has be initiated
2025-07-18 16:33:25.585   [main] DEBUG i.g.nichetoolkit.rest.holder.MessageSourceHolder - The message source context holder has be initiated
2025-07-18 16:33:25.588   [main] DEBUG i.g.n.aerial.AerialEngineServerApplication - Running with Spring Boot v2.7.18, Spring v5.3.39
2025-07-18 16:33:25.640   [main] DEBUG i.g.n.rest.holder.BeanDefinitionRegistryHolder - The bean definition registry holder has be initiated
2025-07-18 16:33:26.832   [main] DEBUG i.g.n.rest.holder.ListableBeanFactoryHolder - The listable bean factory holder has be initiated
2025-07-18 16:33:27.105   [main] DEBUG i.g.n.rest.configure.RestI18nAutoConfigure - The auto configuration for [rest-i18n] initiated
2025-07-18 16:33:27.108   [main] DEBUG i.g.n.m.configure.MybatisStarterAutoConfigure - The auto configuration for [mybatis-starter] initiated
2025-07-18 16:33:27.110   [main] DEBUG i.g.n.ossfile.configure.OssfileCoreAutoConfigure - The auto configuration for [ossfile-core] initiated
2025-07-18 16:33:27.114   [main] DEBUG i.g.n.rice.configure.RiceStarterAutoConfigure - The auto configuration for [rice-starter] initiated
2025-07-18 16:33:27.117   [main] DEBUG i.g.n.rest.configure.RestI18nAutoConfigure - The auto configuration for [i18n-message] initiated
2025-07-18 16:33:27.125   [main] DEBUG i.g.nichetoolkit.rest.holder.MessageSourceHolder - The message source context holder has be refreshed
2025-07-18 16:33:27.360   [main] DEBUG i.g.n.rest.configure.RestLogbackAutoConfigure - The auto configuration for [rest-logback] initiated
2025-07-18 16:33:27.368   [main] DEBUG i.g.n.rice.configure.RiceLoginAutoConfigure - The auto configuration for [rice-login] initiated
2025-07-18 16:33:27.396   [main] DEBUG i.g.nichetoolkit.rest.logback.DefaultLogbackFilter - Filter 'logbackFilter' configured for use
2025-07-18 16:33:27.435   [main] DEBUG io.github.nichetoolkit.rice.service.ServiceHolder - The service holder has be initiated
2025-07-18 16:33:27.543   [main] DEBUG io.github.nichetoolkit.rice.service.ServiceHolder - There are 2 service fitter beans has be initiated.
2025-07-18 16:33:27.547   [main] DEBUG i.g.n.aerial.configure.DatasourceAutoConfigure - the auto configuration for [datasource] rest template initiated
2025-07-18 16:33:28.014   [main] DEBUG i.g.n.aerial.configure.AerialRedisAutoConfigure - The auto configuration for [aerial-redis] initiated
2025-07-18 17:20:45.038   [main] DEBUG i.g.n.rest.holder.ApplicationContextHolder - The application context holder has be initiated
2025-07-18 17:20:45.039   [main] DEBUG i.g.nichetoolkit.rest.holder.MessageSourceHolder - The message source context holder has be initiated
2025-07-18 17:20:45.042   [main] DEBUG i.g.n.aerial.AerialEngineServerApplication - Running with Spring Boot v2.7.18, Spring v5.3.39
2025-07-18 17:20:45.095   [main] DEBUG i.g.n.rest.holder.BeanDefinitionRegistryHolder - The bean definition registry holder has be initiated
2025-07-18 17:21:34.265   [main] DEBUG i.g.n.rest.holder.ApplicationContextHolder - The application context holder has be initiated
2025-07-18 17:21:34.265   [main] DEBUG i.g.nichetoolkit.rest.holder.MessageSourceHolder - The message source context holder has be initiated
2025-07-18 17:21:34.270   [main] DEBUG i.g.n.aerial.AerialEngineServerApplication - Running with Spring Boot v2.7.18, Spring v5.3.39
2025-07-18 17:21:34.327   [main] DEBUG i.g.n.rest.holder.BeanDefinitionRegistryHolder - The bean definition registry holder has be initiated
2025-07-18 17:21:35.653   [main] DEBUG i.g.n.rest.holder.ListableBeanFactoryHolder - The listable bean factory holder has be initiated
2025-07-18 17:21:36.011   [main] DEBUG i.g.n.rest.configure.RestI18nAutoConfigure - The auto configuration for [rest-i18n] initiated
2025-07-18 17:21:36.013   [main] DEBUG i.g.n.m.configure.MybatisStarterAutoConfigure - The auto configuration for [mybatis-starter] initiated
2025-07-18 17:21:36.015   [main] DEBUG i.g.n.ossfile.configure.OssfileCoreAutoConfigure - The auto configuration for [ossfile-core] initiated
2025-07-18 17:21:36.023   [main] DEBUG i.g.n.rice.configure.RiceStarterAutoConfigure - The auto configuration for [rice-starter] initiated
2025-07-18 17:21:36.025   [main] DEBUG i.g.n.rest.configure.RestI18nAutoConfigure - The auto configuration for [i18n-message] initiated
2025-07-18 17:21:36.034   [main] DEBUG i.g.nichetoolkit.rest.holder.MessageSourceHolder - The message source context holder has be refreshed
2025-07-18 17:21:36.370   [main] DEBUG i.g.n.rest.configure.RestLogbackAutoConfigure - The auto configuration for [rest-logback] initiated
2025-07-18 17:21:36.373   [main] DEBUG i.g.n.rice.configure.RiceLoginAutoConfigure - The auto configuration for [rice-login] initiated
2025-07-18 17:21:36.399   [main] DEBUG i.g.nichetoolkit.rest.logback.DefaultLogbackFilter - Filter 'logbackFilter' configured for use
2025-07-18 17:21:36.434   [main] DEBUG io.github.nichetoolkit.rice.service.ServiceHolder - The service holder has be initiated
2025-07-18 17:21:36.556   [main] DEBUG io.github.nichetoolkit.rice.service.ServiceHolder - There are 2 service fitter beans has be initiated.
2025-07-18 17:21:36.561   [main] DEBUG i.g.n.aerial.configure.DatasourceAutoConfigure - the auto configuration for [datasource] rest template initiated
2025-07-18 17:21:37.061   [main] DEBUG i.g.n.aerial.configure.AerialRedisAutoConfigure - The auto configuration for [aerial-redis] initiated
2025-07-18 17:21:37.162   [main] DEBUG i.g.n.aerial.configure.AerialMqttAutoConfigure - The auto configuration for [aerial-mqtt] initiated
2025-07-18 17:23:09.420   [main] DEBUG i.g.n.rest.holder.ApplicationContextHolder - The application context holder has be initiated
2025-07-18 17:23:09.421   [main] DEBUG i.g.nichetoolkit.rest.holder.MessageSourceHolder - The message source context holder has be initiated
2025-07-18 17:23:09.424   [main] DEBUG i.g.n.aerial.AerialEngineServerApplication - Running with Spring Boot v2.7.18, Spring v5.3.39
2025-07-18 17:23:09.485   [main] DEBUG i.g.n.rest.holder.BeanDefinitionRegistryHolder - The bean definition registry holder has be initiated
2025-07-18 17:23:10.675   [main] DEBUG i.g.n.rest.holder.ListableBeanFactoryHolder - The listable bean factory holder has be initiated
2025-07-18 17:23:10.965   [main] DEBUG i.g.n.rest.configure.RestI18nAutoConfigure - The auto configuration for [rest-i18n] initiated
2025-07-18 17:23:10.967   [main] DEBUG i.g.n.m.configure.MybatisStarterAutoConfigure - The auto configuration for [mybatis-starter] initiated
2025-07-18 17:23:10.970   [main] DEBUG i.g.n.ossfile.configure.OssfileCoreAutoConfigure - The auto configuration for [ossfile-core] initiated
2025-07-18 17:23:10.973   [main] DEBUG i.g.n.rice.configure.RiceStarterAutoConfigure - The auto configuration for [rice-starter] initiated
2025-07-18 17:23:10.975   [main] DEBUG i.g.n.rest.configure.RestI18nAutoConfigure - The auto configuration for [i18n-message] initiated
2025-07-18 17:23:10.985   [main] DEBUG i.g.nichetoolkit.rest.holder.MessageSourceHolder - The message source context holder has be refreshed
2025-07-18 17:23:11.225   [main] DEBUG i.g.n.rest.configure.RestLogbackAutoConfigure - The auto configuration for [rest-logback] initiated
2025-07-18 17:23:11.233   [main] DEBUG i.g.n.rice.configure.RiceLoginAutoConfigure - The auto configuration for [rice-login] initiated
2025-07-18 17:23:11.261   [main] DEBUG i.g.nichetoolkit.rest.logback.DefaultLogbackFilter - Filter 'logbackFilter' configured for use
2025-07-18 17:23:11.296   [main] DEBUG io.github.nichetoolkit.rice.service.ServiceHolder - The service holder has be initiated
2025-07-18 17:23:11.401   [main] DEBUG io.github.nichetoolkit.rice.service.ServiceHolder - There are 2 service fitter beans has be initiated.
2025-07-18 17:23:11.406   [main] DEBUG i.g.n.aerial.configure.DatasourceAutoConfigure - the auto configuration for [datasource] rest template initiated
2025-07-18 17:23:11.851   [main] DEBUG i.g.n.aerial.configure.AerialRedisAutoConfigure - The auto configuration for [aerial-redis] initiated
2025-07-18 17:23:11.940   [main] DEBUG i.g.n.aerial.configure.AerialMqttAutoConfigure - The auto configuration for [aerial-mqtt] initiated
2025-07-18 18:01:03.701   [main] DEBUG i.g.n.rest.holder.ApplicationContextHolder - The application context holder has be initiated
2025-07-18 18:01:03.702   [main] DEBUG i.g.nichetoolkit.rest.holder.MessageSourceHolder - The message source context holder has be initiated
2025-07-18 18:01:03.708   [main] DEBUG i.g.n.aerial.AerialEngineServerApplication - Running with Spring Boot v2.7.18, Spring v5.3.39
2025-07-18 18:01:03.775   [main] DEBUG i.g.n.rest.holder.BeanDefinitionRegistryHolder - The bean definition registry holder has be initiated
2025-07-18 18:01:05.375   [main] DEBUG i.g.n.rest.holder.ListableBeanFactoryHolder - The listable bean factory holder has be initiated
2025-07-18 18:01:05.666   [main] DEBUG i.g.n.rest.configure.RestI18nAutoConfigure - The auto configuration for [rest-i18n] initiated
2025-07-18 18:01:05.668   [main] DEBUG i.g.n.m.configure.MybatisStarterAutoConfigure - The auto configuration for [mybatis-starter] initiated
2025-07-18 18:01:05.671   [main] DEBUG i.g.n.ossfile.configure.OssfileCoreAutoConfigure - The auto configuration for [ossfile-core] initiated
2025-07-18 18:01:05.675   [main] DEBUG i.g.n.rice.configure.RiceStarterAutoConfigure - The auto configuration for [rice-starter] initiated
2025-07-18 18:01:05.677   [main] DEBUG i.g.n.rest.configure.RestI18nAutoConfigure - The auto configuration for [i18n-message] initiated
2025-07-18 18:01:05.686   [main] DEBUG i.g.nichetoolkit.rest.holder.MessageSourceHolder - The message source context holder has be refreshed
2025-07-18 18:01:05.983   [main] DEBUG i.g.n.rest.configure.RestLogbackAutoConfigure - The auto configuration for [rest-logback] initiated
2025-07-18 18:01:05.990   [main] DEBUG i.g.n.rice.configure.RiceLoginAutoConfigure - The auto configuration for [rice-login] initiated
2025-07-18 18:01:06.015   [main] DEBUG i.g.nichetoolkit.rest.logback.DefaultLogbackFilter - Filter 'logbackFilter' configured for use
2025-07-18 18:01:06.052   [main] DEBUG io.github.nichetoolkit.rice.service.ServiceHolder - The service holder has be initiated
2025-07-18 18:01:06.184   [main] DEBUG io.github.nichetoolkit.rice.service.ServiceHolder - There are 2 service fitter beans has be initiated.
2025-07-18 18:01:06.188   [main] DEBUG i.g.n.aerial.configure.DatasourceAutoConfigure - the auto configuration for [datasource] rest template initiated
2025-07-18 18:01:06.684   [main] DEBUG i.g.n.aerial.configure.AerialRedisAutoConfigure - The auto configuration for [aerial-redis] initiated
2025-07-18 18:01:06.781   [main] DEBUG i.g.n.aerial.configure.AerialMqttAutoConfigure - The auto configuration for [aerial-mqtt] initiated
2025-07-18 18:01:42.249   [main] DEBUG i.g.n.rest.holder.ApplicationContextHolder - The application context holder has be initiated
2025-07-18 18:01:42.249   [main] DEBUG i.g.nichetoolkit.rest.holder.MessageSourceHolder - The message source context holder has be initiated
2025-07-18 18:01:42.253   [main] DEBUG i.g.n.aerial.AerialEngineServerApplication - Running with Spring Boot v2.7.18, Spring v5.3.39
2025-07-18 18:01:42.305   [main] DEBUG i.g.n.rest.holder.BeanDefinitionRegistryHolder - The bean definition registry holder has be initiated
2025-07-18 18:01:43.488   [main] DEBUG i.g.n.rest.holder.ListableBeanFactoryHolder - The listable bean factory holder has be initiated
2025-07-18 18:01:43.798   [main] DEBUG i.g.n.rest.configure.RestI18nAutoConfigure - The auto configuration for [rest-i18n] initiated
2025-07-18 18:01:43.799   [main] DEBUG i.g.n.m.configure.MybatisStarterAutoConfigure - The auto configuration for [mybatis-starter] initiated
2025-07-18 18:01:43.802   [main] DEBUG i.g.n.ossfile.configure.OssfileCoreAutoConfigure - The auto configuration for [ossfile-core] initiated
2025-07-18 18:01:43.805   [main] DEBUG i.g.n.rice.configure.RiceStarterAutoConfigure - The auto configuration for [rice-starter] initiated
2025-07-18 18:01:43.808   [main] DEBUG i.g.n.rest.configure.RestI18nAutoConfigure - The auto configuration for [i18n-message] initiated
2025-07-18 18:01:43.818   [main] DEBUG i.g.nichetoolkit.rest.holder.MessageSourceHolder - The message source context holder has be refreshed
2025-07-18 18:01:44.075   [main] DEBUG i.g.n.rest.configure.RestLogbackAutoConfigure - The auto configuration for [rest-logback] initiated
2025-07-18 18:01:44.086   [main] DEBUG i.g.n.rice.configure.RiceLoginAutoConfigure - The auto configuration for [rice-login] initiated
2025-07-18 18:01:44.113   [main] DEBUG i.g.nichetoolkit.rest.logback.DefaultLogbackFilter - Filter 'logbackFilter' configured for use
2025-07-18 18:01:44.149   [main] DEBUG io.github.nichetoolkit.rice.service.ServiceHolder - The service holder has be initiated
2025-07-18 18:01:44.261   [main] DEBUG io.github.nichetoolkit.rice.service.ServiceHolder - There are 2 service fitter beans has be initiated.
2025-07-18 18:01:44.266   [main] DEBUG i.g.n.aerial.configure.DatasourceAutoConfigure - the auto configuration for [datasource] rest template initiated
2025-07-18 18:01:44.732   [main] DEBUG i.g.n.aerial.configure.AerialRedisAutoConfigure - The auto configuration for [aerial-redis] initiated
2025-07-18 18:02:52.017   [main] DEBUG i.g.n.rest.holder.ApplicationContextHolder - The application context holder has be initiated
2025-07-18 18:02:52.018   [main] DEBUG i.g.nichetoolkit.rest.holder.MessageSourceHolder - The message source context holder has be initiated
2025-07-18 18:02:52.022   [main] DEBUG i.g.n.aerial.AerialEngineServerApplication - Running with Spring Boot v2.7.18, Spring v5.3.39
2025-07-18 18:02:52.077   [main] DEBUG i.g.n.rest.holder.BeanDefinitionRegistryHolder - The bean definition registry holder has be initiated
2025-07-18 18:02:53.238   [main] DEBUG i.g.n.rest.holder.ListableBeanFactoryHolder - The listable bean factory holder has be initiated
2025-07-18 18:02:53.524   [main] DEBUG i.g.n.rest.configure.RestI18nAutoConfigure - The auto configuration for [rest-i18n] initiated
2025-07-18 18:02:53.525   [main] DEBUG i.g.n.m.configure.MybatisStarterAutoConfigure - The auto configuration for [mybatis-starter] initiated
2025-07-18 18:02:53.529   [main] DEBUG i.g.n.ossfile.configure.OssfileCoreAutoConfigure - The auto configuration for [ossfile-core] initiated
2025-07-18 18:02:53.531   [main] DEBUG i.g.n.rice.configure.RiceStarterAutoConfigure - The auto configuration for [rice-starter] initiated
2025-07-18 18:02:53.534   [main] DEBUG i.g.n.rest.configure.RestI18nAutoConfigure - The auto configuration for [i18n-message] initiated
2025-07-18 18:02:53.543   [main] DEBUG i.g.nichetoolkit.rest.holder.MessageSourceHolder - The message source context holder has be refreshed
2025-07-18 18:02:53.782   [main] DEBUG i.g.n.rest.configure.RestLogbackAutoConfigure - The auto configuration for [rest-logback] initiated
2025-07-18 18:02:53.790   [main] DEBUG i.g.n.rice.configure.RiceLoginAutoConfigure - The auto configuration for [rice-login] initiated
2025-07-18 18:02:53.819   [main] DEBUG i.g.nichetoolkit.rest.logback.DefaultLogbackFilter - Filter 'logbackFilter' configured for use
2025-07-18 18:02:53.858   [main] DEBUG io.github.nichetoolkit.rice.service.ServiceHolder - The service holder has be initiated
2025-07-18 18:02:53.966   [main] DEBUG io.github.nichetoolkit.rice.service.ServiceHolder - There are 2 service fitter beans has be initiated.
2025-07-18 18:02:53.970   [main] DEBUG i.g.n.aerial.configure.DatasourceAutoConfigure - the auto configuration for [datasource] rest template initiated
2025-07-18 18:02:54.412   [main] DEBUG i.g.n.aerial.configure.AerialRedisAutoConfigure - The auto configuration for [aerial-redis] initiated
2025-07-18 18:08:11.074   [main] DEBUG i.g.n.rest.holder.ApplicationContextHolder - The application context holder has be initiated
2025-07-18 18:08:11.074   [main] DEBUG i.g.nichetoolkit.rest.holder.MessageSourceHolder - The message source context holder has be initiated
2025-07-18 18:08:11.080   [main] DEBUG i.g.n.aerial.AerialEngineServerApplication - Running with Spring Boot v2.7.18, Spring v5.3.39
2025-07-18 18:08:11.146   [main] DEBUG i.g.n.rest.holder.BeanDefinitionRegistryHolder - The bean definition registry holder has be initiated
2025-07-18 18:08:12.432   [main] DEBUG i.g.n.rest.holder.ListableBeanFactoryHolder - The listable bean factory holder has be initiated
2025-07-18 18:08:12.712   [main] DEBUG i.g.n.rest.configure.RestI18nAutoConfigure - The auto configuration for [rest-i18n] initiated
2025-07-18 18:08:12.715   [main] DEBUG i.g.n.m.configure.MybatisStarterAutoConfigure - The auto configuration for [mybatis-starter] initiated
2025-07-18 18:08:12.717   [main] DEBUG i.g.n.ossfile.configure.OssfileCoreAutoConfigure - The auto configuration for [ossfile-core] initiated
2025-07-18 18:08:12.721   [main] DEBUG i.g.n.rice.configure.RiceStarterAutoConfigure - The auto configuration for [rice-starter] initiated
2025-07-18 18:08:12.723   [main] DEBUG i.g.n.rest.configure.RestI18nAutoConfigure - The auto configuration for [i18n-message] initiated
2025-07-18 18:08:12.732   [main] DEBUG i.g.nichetoolkit.rest.holder.MessageSourceHolder - The message source context holder has be refreshed
2025-07-18 18:08:12.974   [main] DEBUG i.g.n.rest.configure.RestLogbackAutoConfigure - The auto configuration for [rest-logback] initiated
2025-07-18 18:08:12.981   [main] DEBUG i.g.n.rice.configure.RiceLoginAutoConfigure - The auto configuration for [rice-login] initiated
2025-07-18 18:08:13.009   [main] DEBUG i.g.nichetoolkit.rest.logback.DefaultLogbackFilter - Filter 'logbackFilter' configured for use
2025-07-18 18:08:13.044   [main] DEBUG io.github.nichetoolkit.rice.service.ServiceHolder - The service holder has be initiated
2025-07-18 18:08:13.150   [main] DEBUG io.github.nichetoolkit.rice.service.ServiceHolder - There are 2 service fitter beans has be initiated.
2025-07-18 18:08:13.153   [main] DEBUG i.g.n.aerial.configure.DatasourceAutoConfigure - the auto configuration for [datasource] rest template initiated
2025-07-18 18:08:13.606   [main] DEBUG i.g.n.aerial.configure.AerialRedisAutoConfigure - The auto configuration for [aerial-redis] initiated
2025-07-18 18:08:13.695   [main] DEBUG i.g.n.aerial.configure.AerialThreadPoolConfigure - The auto configuration for [thread-pool] initiated
2025-07-18 18:08:13.703   [main] DEBUG i.g.n.aerial.configure.AerialMqttChannelConfigure - The auto configuration for [mqtt-channel] initiated
2025-07-18 18:08:13.719   [main] DEBUG i.g.n.aerial.configure.AerialMqttAutoConfigure - The auto configuration for [aerial-mqtt] initiated
2025-07-18 18:08:13.747   [main] DEBUG i.github.nicheengine.aerial.router.MqttDrcUpRouter - The mqtt drc-up router for [router@/drc/up] initiated
2025-07-18 18:08:13.749   [main] DEBUG i.g.nicheengine.aerial.router.MqttEventsRouter - The mqtt events router for [router@/events] initiated
2025-07-18 18:08:13.750   [main] DEBUG i.g.nicheengine.aerial.router.MqttMessageRouter - The mqtt message router for [router@/message] initiated
2025-07-18 18:08:13.756   [main] DEBUG io.github.nicheengine.aerial.router.MqttOsdRouter - The mqtt osd router for [router@/osd] initiated
2025-07-18 18:08:13.756   [main] DEBUG i.g.nicheengine.aerial.router.MqttPropertySetReply - The mqtt property set router for [router@/propertySet/reply] initiated
2025-07-18 18:08:13.757   [main] DEBUG i.g.nicheengine.aerial.router.MqttRequestsRouter - The mqtt requests router for [router@/requests] initiated
2025-07-18 18:08:13.757   [main] DEBUG i.g.nicheengine.aerial.router.MqttServicesReply - The mqtt services-reply router for [router@/services/reply] initiated
2025-07-18 18:08:13.759   [main] DEBUG i.github.nicheengine.aerial.router.MqttStateRouter - The mqtt state router for [router@/state] initiated
2025-07-18 18:08:13.761   [main] DEBUG i.g.nicheengine.aerial.router.MqttStatusRouter - The mqtt status router for [router@/status] initiated
2025-07-18 18:08:13.761   [main] DEBUG i.g.n.aerial.configure.AerialStarterAutoConfigure - The auto configuration for [aerial-starter] initiated
2025-07-18 18:08:13.762   [main] DEBUG i.g.n.aerial.configure.AerialWebSocketConfigure - The auto configuration for [web-socket] initiated
2025-07-18 18:08:13.762   [main] DEBUG i.g.n.aerial.configure.AerialDjisdkAutoConfigure - The auto configuration for [aerial-djisdk] initiated
2025-07-18 18:08:13.763   [main] DEBUG i.g.n.a.configure.AerialWebSocketAutoConfigure - The auto configuration for [aerial-webSocket] initiated
2025-07-18 18:08:13.779   [main] DEBUG i.g.n.ossfile.configure.OssfileMinioAutoConfigure - The auto configuration for [ossfile-minio] initiated
2025-07-18 18:08:13.985   [main] DEBUG i.g.n.rice.configure.RiceServiceAutoConfigure - The auto configuration for [rice-service] initiated
2025-07-18 18:08:14.035   [main] DEBUG i.g.n.rice.configure.RiceSerializeAutoConfigure - The auto configuration for [rice-serialize] initiated
2025-07-18 18:08:14.400   [main] DEBUG i.g.n.aerial.configure.AerialServerAutoConfigure - The auto configuration for [aerial-server] initiated
2025-07-18 18:08:14.401   [main] DEBUG i.g.n.rest.configure.RestCoreAutoConfigure - The auto configuration for [rest-core] initiated
2025-07-18 18:08:14.401   [main] DEBUG i.g.nichetoolkit.rest.holder.ObjectMapperHolder - The object mapper holder has be initiated
2025-07-18 18:08:14.418   [main] DEBUG i.g.n.rest.configure.RestWorkerAutoConfigure - The auto configuration for [rest-worker] initiated
2025-07-18 18:08:14.425   [main] DEBUG io.github.nichetoolkit.rest.worker.jwt.JwtWorker - The jwt        properties: {"enabled":true,"algorithm":"HS256","secret":"ICBwpv3gDQLfdrtTuek5wtQ","kid":"","issuer":"io.github.nicheengine","audiences":[],"expireTime":0,"expireUnit":"MILLIS","issuedDelayTime":0,"issuedDelayUnit":"MILLIS","notBeforeEnabled":false}
2025-07-18 18:08:14.428   [main] DEBUG io.github.nichetoolkit.rest.worker.sha.ShaWorker - The sha        properties: {"enabled":true,"secret":"ZbqWif8ZSnjWQS5iznqXcUoKEjAV4sqJVLtV2XoeUDkGe3vPe8mAL3PhdulCRaPQxI46V86kzmf97UeigGk","algorithm":3}
2025-07-18 18:08:14.429   [main] DEBUG i.g.n.rest.configure.RestUtilsAutoConfigure - The auto configuration for [rest-utils] initiated
2025-07-18 18:08:14.431   [main] DEBUG i.g.n.mybatis.configure.RiceMybatisAutoConfigure - The auto configuration for [rice-mybatis] initiated
2025-07-18 18:08:14.431   [main] DEBUG i.g.n.rice.configure.RiceContextAutoConfigure - The auto configuration for [rice-context] initiated
2025-07-18 18:08:14.431   [main] DEBUG i.g.n.mybatis.configure.MybatisCoreAutoConfigure - The auto configuration for [mybatis-core] initiated
2025-07-18 18:08:14.431   [main] DEBUG i.g.n.m.configure.MybatisContextAutoConfigure - The auto configuration for [mybatis-context] initiated
2025-07-18 18:08:14.432   [main] DEBUG i.g.n.mybatis.configure.MybatisMapperAutoConfigure - The auto configuration for [mybatis-mapper] initiated
2025-07-18 18:08:14.450   [main] DEBUG i.g.n.rest.configure.RestHttpAutoConfigure - The auto configuration for [rest-http] initiated
2025-07-18 18:08:14.451   [main] DEBUG i.g.n.rest.configure.RestHttpAutoConfigure - the auto configuration for [okHttp3] rest template initiated!
2025-07-18 18:08:14.706   [main] DEBUG i.g.n.rest.configure.RestHttpAutoConfigure - The http       properties: {"enabled":true,"connectTimeout":2000,"readTimeout":30000,"requestTimeout":200,"maxCoreSize":5,"maxIdleSize":10,"httpType":"okHttp3","charset":"UTF-8","encodingMode":"NONE","retryTimes":0,"keepAliveTime":600000,"proxy":{"type":"socks","hostname":""}}
2025-07-18 18:08:14.718   [main] DEBUG i.g.n.rest.configure.RestIdentityAutoConfigure - The auto configuration for [rest-identity] initiated
2025-07-18 18:08:14.722   [main] DEBUG i.g.nichetoolkit.rest.identity.IdentityFactory - The identity   properties: {"enabled":true,"type":"CONFIG","config":{"workerId":1,"centerId":2,"sequence":1},"server":{"sequence":1}}
2025-07-18 18:08:14.731   [main] DEBUG i.g.n.rest.configure.RestStarterAutoConfigure - The auto configuration for [rest-starter] initiated
2025-07-18 18:08:14.732   [main] DEBUG i.g.n.rice.configure.RiceResolverAutoConfigure - The auto configuration for [rice-resolver] initiated
2025-07-18 18:10:32.991   [main] DEBUG i.g.n.rest.holder.ApplicationContextHolder - The application context holder has be initiated
2025-07-18 18:10:32.992   [main] DEBUG i.g.nichetoolkit.rest.holder.MessageSourceHolder - The message source context holder has be initiated
2025-07-18 18:10:32.995   [main] DEBUG i.g.n.aerial.AerialEngineServerApplication - Running with Spring Boot v2.7.18, Spring v5.3.39
2025-07-18 18:10:33.050   [main] DEBUG i.g.n.rest.holder.BeanDefinitionRegistryHolder - The bean definition registry holder has be initiated
2025-07-18 18:10:34.241   [main] DEBUG i.g.n.rest.holder.ListableBeanFactoryHolder - The listable bean factory holder has be initiated
2025-07-18 18:10:34.529   [main] DEBUG i.g.n.rest.configure.RestI18nAutoConfigure - The auto configuration for [rest-i18n] initiated
2025-07-18 18:10:34.532   [main] DEBUG i.g.n.m.configure.MybatisStarterAutoConfigure - The auto configuration for [mybatis-starter] initiated
2025-07-18 18:10:34.535   [main] DEBUG i.g.n.ossfile.configure.OssfileCoreAutoConfigure - The auto configuration for [ossfile-core] initiated
2025-07-18 18:10:34.537   [main] DEBUG i.g.n.rice.configure.RiceStarterAutoConfigure - The auto configuration for [rice-starter] initiated
2025-07-18 18:10:34.539   [main] DEBUG i.g.n.rest.configure.RestI18nAutoConfigure - The auto configuration for [i18n-message] initiated
2025-07-18 18:10:34.548   [main] DEBUG i.g.nichetoolkit.rest.holder.MessageSourceHolder - The message source context holder has be refreshed
2025-07-18 18:10:34.783   [main] DEBUG i.g.n.rest.configure.RestLogbackAutoConfigure - The auto configuration for [rest-logback] initiated
2025-07-18 18:10:34.790   [main] DEBUG i.g.n.rice.configure.RiceLoginAutoConfigure - The auto configuration for [rice-login] initiated
2025-07-18 18:10:34.821   [main] DEBUG i.g.nichetoolkit.rest.logback.DefaultLogbackFilter - Filter 'logbackFilter' configured for use
2025-07-18 18:10:34.863   [main] DEBUG io.github.nichetoolkit.rice.service.ServiceHolder - The service holder has be initiated
2025-07-18 18:10:34.968   [main] DEBUG io.github.nichetoolkit.rice.service.ServiceHolder - There are 2 service fitter beans has be initiated.
2025-07-18 18:10:34.973   [main] DEBUG i.g.n.aerial.configure.DatasourceAutoConfigure - the auto configuration for [datasource] rest template initiated
2025-07-18 18:10:35.427   [main] DEBUG i.g.n.aerial.configure.AerialRedisAutoConfigure - The auto configuration for [aerial-redis] initiated
2025-07-18 18:10:35.524   [main] DEBUG i.g.n.aerial.configure.AerialMqttAutoConfigure - The auto configuration for [aerial-mqtt] initiated
2025-07-18 18:10:35.529   [main] DEBUG i.g.n.aerial.configure.AerialThreadPoolConfigure - The auto configuration for [thread-pool] initiated
2025-07-18 18:10:35.532   [main] DEBUG i.g.n.aerial.configure.AerialMqttChannelConfigure - The auto configuration for [mqtt-channel] initiated
2025-07-18 18:10:35.569   [main] DEBUG i.github.nicheengine.aerial.router.MqttDrcUpRouter - The mqtt drc-up router for [router@/drc/up] initiated
2025-07-18 18:10:35.571   [main] DEBUG i.g.nicheengine.aerial.router.MqttEventsRouter - The mqtt events router for [router@/events] initiated
2025-07-18 18:10:35.573   [main] DEBUG i.g.nicheengine.aerial.router.MqttMessageRouter - The mqtt message router for [router@/message] initiated
2025-07-18 18:10:35.578   [main] DEBUG io.github.nicheengine.aerial.router.MqttOsdRouter - The mqtt osd router for [router@/osd] initiated
2025-07-18 18:10:35.579   [main] DEBUG i.g.nicheengine.aerial.router.MqttPropertySetReply - The mqtt property set router for [router@/propertySet/reply] initiated
2025-07-18 18:10:35.579   [main] DEBUG i.g.nicheengine.aerial.router.MqttRequestsRouter - The mqtt requests router for [router@/requests] initiated
2025-07-18 18:10:35.580   [main] DEBUG i.g.nicheengine.aerial.router.MqttServicesReply - The mqtt services-reply router for [router@/services/reply] initiated
2025-07-18 18:10:35.582   [main] DEBUG i.github.nicheengine.aerial.router.MqttStateRouter - The mqtt state router for [router@/state] initiated
2025-07-18 18:10:35.583   [main] DEBUG i.g.nicheengine.aerial.router.MqttStatusRouter - The mqtt status router for [router@/status] initiated
2025-07-18 18:10:35.584   [main] DEBUG i.g.n.aerial.configure.AerialStarterAutoConfigure - The auto configuration for [aerial-starter] initiated
2025-07-18 18:10:35.585   [main] DEBUG i.g.n.aerial.configure.AerialWebSocketConfigure - The auto configuration for [web-socket] initiated
2025-07-18 18:10:35.585   [main] DEBUG i.g.n.aerial.configure.AerialDjisdkAutoConfigure - The auto configuration for [aerial-djisdk] initiated
2025-07-18 18:10:35.585   [main] DEBUG i.g.n.a.configure.AerialWebSocketAutoConfigure - The auto configuration for [aerial-webSocket] initiated
2025-07-18 18:10:35.598   [main] DEBUG i.g.n.ossfile.configure.OssfileMinioAutoConfigure - The auto configuration for [ossfile-minio] initiated
2025-07-18 18:10:35.793   [main] DEBUG i.g.n.rice.configure.RiceServiceAutoConfigure - The auto configuration for [rice-service] initiated
2025-07-18 18:10:35.844   [main] DEBUG i.g.n.rice.configure.RiceSerializeAutoConfigure - The auto configuration for [rice-serialize] initiated
2025-07-18 18:10:36.169   [main] DEBUG i.g.n.aerial.configure.AerialServerAutoConfigure - The auto configuration for [aerial-server] initiated
2025-07-18 18:10:36.169   [main] DEBUG i.g.n.rest.configure.RestCoreAutoConfigure - The auto configuration for [rest-core] initiated
2025-07-18 18:10:36.170   [main] DEBUG i.g.nichetoolkit.rest.holder.ObjectMapperHolder - The object mapper holder has be initiated
2025-07-18 18:10:36.182   [main] DEBUG i.g.n.rest.configure.RestWorkerAutoConfigure - The auto configuration for [rest-worker] initiated
2025-07-18 18:10:36.189   [main] DEBUG io.github.nichetoolkit.rest.worker.jwt.JwtWorker - The jwt        properties: {"enabled":true,"algorithm":"HS256","secret":"ICBwpv3gDQLfdrtTuek5wtQ","kid":"","issuer":"io.github.nicheengine","audiences":[],"expireTime":0,"expireUnit":"MILLIS","issuedDelayTime":0,"issuedDelayUnit":"MILLIS","notBeforeEnabled":false}
2025-07-18 18:10:36.191   [main] DEBUG io.github.nichetoolkit.rest.worker.sha.ShaWorker - The sha        properties: {"enabled":true,"secret":"ZbqWif8ZSnjWQS5iznqXcUoKEjAV4sqJVLtV2XoeUDkGe3vPe8mAL3PhdulCRaPQxI46V86kzmf97UeigGk","algorithm":3}
2025-07-18 18:10:36.192   [main] DEBUG i.g.n.rest.configure.RestUtilsAutoConfigure - The auto configuration for [rest-utils] initiated
2025-07-18 18:10:36.194   [main] DEBUG i.g.n.mybatis.configure.RiceMybatisAutoConfigure - The auto configuration for [rice-mybatis] initiated
2025-07-18 18:10:36.194   [main] DEBUG i.g.n.rice.configure.RiceContextAutoConfigure - The auto configuration for [rice-context] initiated
2025-07-18 18:10:36.195   [main] DEBUG i.g.n.mybatis.configure.MybatisCoreAutoConfigure - The auto configuration for [mybatis-core] initiated
2025-07-18 18:10:36.195   [main] DEBUG i.g.n.m.configure.MybatisContextAutoConfigure - The auto configuration for [mybatis-context] initiated
2025-07-18 18:10:36.195   [main] DEBUG i.g.n.mybatis.configure.MybatisMapperAutoConfigure - The auto configuration for [mybatis-mapper] initiated
2025-07-18 18:10:36.208   [main] DEBUG i.g.n.rest.configure.RestHttpAutoConfigure - The auto configuration for [rest-http] initiated
2025-07-18 18:10:36.209   [main] DEBUG i.g.n.rest.configure.RestHttpAutoConfigure - the auto configuration for [okHttp3] rest template initiated!
2025-07-18 18:10:36.329   [main] DEBUG i.g.n.rest.configure.RestHttpAutoConfigure - The http       properties: {"enabled":true,"connectTimeout":2000,"readTimeout":30000,"requestTimeout":200,"maxCoreSize":5,"maxIdleSize":10,"httpType":"okHttp3","charset":"UTF-8","encodingMode":"NONE","retryTimes":0,"keepAliveTime":600000,"proxy":{"type":"socks","hostname":""}}
2025-07-18 18:10:36.341   [main] DEBUG i.g.n.rest.configure.RestIdentityAutoConfigure - The auto configuration for [rest-identity] initiated
2025-07-18 18:10:36.344   [main] DEBUG i.g.nichetoolkit.rest.identity.IdentityFactory - The identity   properties: {"enabled":true,"type":"CONFIG","config":{"workerId":1,"centerId":2,"sequence":1},"server":{"sequence":1}}
2025-07-18 18:10:36.351   [main] DEBUG i.g.n.rest.configure.RestStarterAutoConfigure - The auto configuration for [rest-starter] initiated
2025-07-18 18:10:36.352   [main] DEBUG i.g.n.rice.configure.RiceResolverAutoConfigure - The auto configuration for [rice-resolver] initiated
2025-07-18 18:11:48.540   [main] DEBUG i.g.n.rest.holder.ApplicationContextHolder - The application context holder has be initiated
2025-07-18 18:11:48.541   [main] DEBUG i.g.nichetoolkit.rest.holder.MessageSourceHolder - The message source context holder has be initiated
2025-07-18 18:11:48.544   [main] DEBUG i.g.n.aerial.AerialEngineServerApplication - Running with Spring Boot v2.7.18, Spring v5.3.39
2025-07-18 18:11:48.604   [main] DEBUG i.g.n.rest.holder.BeanDefinitionRegistryHolder - The bean definition registry holder has be initiated
2025-07-18 18:11:49.904   [main] DEBUG i.g.n.rest.holder.ListableBeanFactoryHolder - The listable bean factory holder has be initiated
2025-07-18 18:11:50.196   [main] DEBUG i.g.n.rest.configure.RestI18nAutoConfigure - The auto configuration for [rest-i18n] initiated
2025-07-18 18:11:50.199   [main] DEBUG i.g.n.m.configure.MybatisStarterAutoConfigure - The auto configuration for [mybatis-starter] initiated
2025-07-18 18:11:50.202   [main] DEBUG i.g.n.ossfile.configure.OssfileCoreAutoConfigure - The auto configuration for [ossfile-core] initiated
2025-07-18 18:11:50.206   [main] DEBUG i.g.n.rice.configure.RiceStarterAutoConfigure - The auto configuration for [rice-starter] initiated
2025-07-18 18:11:50.208   [main] DEBUG i.g.n.rest.configure.RestI18nAutoConfigure - The auto configuration for [i18n-message] initiated
2025-07-18 18:11:50.218   [main] DEBUG i.g.nichetoolkit.rest.holder.MessageSourceHolder - The message source context holder has be refreshed
2025-07-18 18:11:50.464   [main] DEBUG i.g.n.rest.configure.RestLogbackAutoConfigure - The auto configuration for [rest-logback] initiated
2025-07-18 18:11:50.472   [main] DEBUG i.g.n.rice.configure.RiceLoginAutoConfigure - The auto configuration for [rice-login] initiated
2025-07-18 18:11:50.506   [main] DEBUG i.g.nichetoolkit.rest.logback.DefaultLogbackFilter - Filter 'logbackFilter' configured for use
2025-07-18 18:11:50.543   [main] DEBUG io.github.nichetoolkit.rice.service.ServiceHolder - The service holder has be initiated
2025-07-18 18:11:50.689   [main] DEBUG io.github.nichetoolkit.rice.service.ServiceHolder - There are 2 service fitter beans has be initiated.
2025-07-18 18:11:50.697   [main] DEBUG i.g.n.aerial.configure.DatasourceAutoConfigure - the auto configuration for [datasource] rest template initiated
2025-07-18 18:11:51.178   [main] DEBUG i.g.n.aerial.configure.AerialRedisAutoConfigure - The auto configuration for [aerial-redis] initiated
2025-07-18 18:11:51.263   [main] DEBUG i.g.n.aerial.configure.AerialMqttAutoConfigure - The auto configuration for [aerial-mqtt] initiated
2025-07-18 18:11:51.267   [main] DEBUG i.g.n.aerial.configure.AerialThreadPoolConfigure - The auto configuration for [thread-pool] initiated
2025-07-18 18:11:51.270   [main] DEBUG i.g.n.aerial.configure.AerialMqttChannelConfigure - The auto configuration for [mqtt-channel] initiated
2025-07-18 18:11:51.309   [main] DEBUG i.github.nicheengine.aerial.router.MqttDrcUpRouter - The mqtt drc-up router for [router@/drc/up] initiated
2025-07-18 18:11:51.311   [main] DEBUG i.g.nicheengine.aerial.router.MqttEventsRouter - The mqtt events router for [router@/events] initiated
2025-07-18 18:11:51.312   [main] DEBUG i.g.nicheengine.aerial.router.MqttMessageRouter - The mqtt message router for [router@/message] initiated
2025-07-18 18:11:51.317   [main] DEBUG io.github.nicheengine.aerial.router.MqttOsdRouter - The mqtt osd router for [router@/osd] initiated
2025-07-18 18:11:51.318   [main] DEBUG i.g.nicheengine.aerial.router.MqttPropertySetReply - The mqtt property set router for [router@/propertySet/reply] initiated
2025-07-18 18:11:51.318   [main] DEBUG i.g.nicheengine.aerial.router.MqttRequestsRouter - The mqtt requests router for [router@/requests] initiated
2025-07-18 18:11:51.319   [main] DEBUG i.g.nicheengine.aerial.router.MqttServicesReply - The mqtt services-reply router for [router@/services/reply] initiated
2025-07-18 18:11:51.322   [main] DEBUG i.github.nicheengine.aerial.router.MqttStateRouter - The mqtt state router for [router@/state] initiated
2025-07-18 18:11:51.324   [main] DEBUG i.g.nicheengine.aerial.router.MqttStatusRouter - The mqtt status router for [router@/status] initiated
2025-07-18 18:11:51.324   [main] DEBUG i.g.n.aerial.configure.AerialStarterAutoConfigure - The auto configuration for [aerial-starter] initiated
2025-07-18 18:11:51.325   [main] DEBUG i.g.n.aerial.configure.AerialWebSocketConfigure - The auto configuration for [web-socket] initiated
2025-07-18 18:11:51.325   [main] DEBUG i.g.n.aerial.configure.AerialDjisdkAutoConfigure - The auto configuration for [aerial-djisdk] initiated
2025-07-18 18:11:51.326   [main] DEBUG i.g.n.a.configure.AerialWebSocketAutoConfigure - The auto configuration for [aerial-webSocket] initiated
2025-07-18 18:11:51.338   [main] DEBUG i.g.n.ossfile.configure.OssfileMinioAutoConfigure - The auto configuration for [ossfile-minio] initiated
2025-07-18 18:11:51.528   [main] DEBUG i.g.n.rice.configure.RiceServiceAutoConfigure - The auto configuration for [rice-service] initiated
2025-07-18 18:11:51.575   [main] DEBUG i.g.n.rice.configure.RiceSerializeAutoConfigure - The auto configuration for [rice-serialize] initiated
2025-07-18 18:11:51.895   [main] DEBUG i.g.n.aerial.configure.AerialServerAutoConfigure - The auto configuration for [aerial-server] initiated
2025-07-18 18:11:51.895   [main] DEBUG i.g.n.rest.configure.RestCoreAutoConfigure - The auto configuration for [rest-core] initiated
2025-07-18 18:11:51.896   [main] DEBUG i.g.nichetoolkit.rest.holder.ObjectMapperHolder - The object mapper holder has be initiated
2025-07-18 18:11:51.910   [main] DEBUG i.g.n.rest.configure.RestWorkerAutoConfigure - The auto configuration for [rest-worker] initiated
2025-07-18 18:11:51.917   [main] DEBUG io.github.nichetoolkit.rest.worker.jwt.JwtWorker - The jwt        properties: {"enabled":true,"algorithm":"HS256","secret":"ICBwpv3gDQLfdrtTuek5wtQ","kid":"","issuer":"io.github.nicheengine","audiences":[],"expireTime":0,"expireUnit":"MILLIS","issuedDelayTime":0,"issuedDelayUnit":"MILLIS","notBeforeEnabled":false}
2025-07-18 18:11:51.919   [main] DEBUG io.github.nichetoolkit.rest.worker.sha.ShaWorker - The sha        properties: {"enabled":true,"secret":"ZbqWif8ZSnjWQS5iznqXcUoKEjAV4sqJVLtV2XoeUDkGe3vPe8mAL3PhdulCRaPQxI46V86kzmf97UeigGk","algorithm":3}
2025-07-18 18:11:51.920   [main] DEBUG i.g.n.rest.configure.RestUtilsAutoConfigure - The auto configuration for [rest-utils] initiated
2025-07-18 18:11:51.923   [main] DEBUG i.g.n.mybatis.configure.RiceMybatisAutoConfigure - The auto configuration for [rice-mybatis] initiated
2025-07-18 18:11:51.923   [main] DEBUG i.g.n.rice.configure.RiceContextAutoConfigure - The auto configuration for [rice-context] initiated
2025-07-18 18:11:51.923   [main] DEBUG i.g.n.mybatis.configure.MybatisCoreAutoConfigure - The auto configuration for [mybatis-core] initiated
2025-07-18 18:11:51.924   [main] DEBUG i.g.n.m.configure.MybatisContextAutoConfigure - The auto configuration for [mybatis-context] initiated
2025-07-18 18:11:51.924   [main] DEBUG i.g.n.mybatis.configure.MybatisMapperAutoConfigure - The auto configuration for [mybatis-mapper] initiated
2025-07-18 18:11:51.937   [main] DEBUG i.g.n.rest.configure.RestHttpAutoConfigure - The auto configuration for [rest-http] initiated
2025-07-18 18:11:51.938   [main] DEBUG i.g.n.rest.configure.RestHttpAutoConfigure - the auto configuration for [okHttp3] rest template initiated!
2025-07-18 18:11:52.074   [main] DEBUG i.g.n.rest.configure.RestHttpAutoConfigure - The http       properties: {"enabled":true,"connectTimeout":2000,"readTimeout":30000,"requestTimeout":200,"maxCoreSize":5,"maxIdleSize":10,"httpType":"okHttp3","charset":"UTF-8","encodingMode":"NONE","retryTimes":0,"keepAliveTime":600000,"proxy":{"type":"socks","hostname":""}}
2025-07-18 18:11:52.086   [main] DEBUG i.g.n.rest.configure.RestIdentityAutoConfigure - The auto configuration for [rest-identity] initiated
2025-07-18 18:11:52.087   [main] DEBUG i.g.nichetoolkit.rest.identity.IdentityFactory - The identity   properties: {"enabled":true,"type":"CONFIG","config":{"workerId":1,"centerId":2,"sequence":1},"server":{"sequence":1}}
2025-07-18 18:11:52.096   [main] DEBUG i.g.n.rest.configure.RestStarterAutoConfigure - The auto configuration for [rest-starter] initiated
2025-07-18 18:11:52.097   [main] DEBUG i.g.n.rice.configure.RiceResolverAutoConfigure - The auto configuration for [rice-resolver] initiated
